[     193ms] [LOG] [WS] Connected @ http://localhost:5173/src/ws-client.ts:29
[     195ms] [ERROR] Failed to load resource: the server responded with a status of 404 (Not Found) @ http://localhost:5173/favicon.ico:0
[   35075ms] [LOG] [SSE] Connection: connected @ http://localhost:5173/src/modules/chat/index.ts?t=1779891613745:94
[  239060ms] [LOG] [SSE] Connection: connected @ http://localhost:5173/src/modules/chat/index.ts?t=1779892491587:90
[  239200ms] [LOG] [WS] Connected @ http://localhost:5173/src/ws-client.ts:29
[  249095ms] ReferenceError: sessionListEl is not defined
    at destroyChat (http://localhost:5173/src/modules/chat/index.ts?t=1779892501655:508:17)
    at renderContent (http://localhost:5173/src/shell/router.ts?t=1779892501655:41:3)
    at initRouter (http://localhost:5173/src/shell/router.ts?t=1779892501655:98:3)
    at http://localhost:5173/src/main.ts?t=1779892501655:17:1
[  276030ms] ReferenceError: sessionListEl is not defined
    at destroyChat (http://localhost:5173/src/modules/chat/index.ts?t=1779892528595:489:17)
    at renderContent (http://localhost:5173/src/shell/router.ts?t=1779892528595:41:3)
    at initRouter (http://localhost:5173/src/shell/router.ts?t=1779892528595:98:3)
    at http://localhost:5173/src/main.ts?t=1779892528595:17:1
[  283870ms] ReferenceError: sessionListEl is not defined
    at destroyChat (http://localhost:5173/src/modules/chat/index.ts?t=1779892536435:489:17)
    at renderContent (http://localhost:5173/src/shell/router.ts?t=1779892536435:41:3)
    at initRouter (http://localhost:5173/src/shell/router.ts?t=1779892536435:98:3)
    at http://localhost:5173/src/main.ts?t=1779892536435:17:1
[  299983ms] ReferenceError: sessionListEl is not defined
    at destroyChat (http://localhost:5173/src/modules/chat/index.ts?t=1779892552546:436:17)
    at renderContent (http://localhost:5173/src/shell/router.ts?t=1779892552546:41:3)
    at initRouter (http://localhost:5173/src/shell/router.ts?t=1779892552546:98:3)
    at http://localhost:5173/src/main.ts?t=1779892552546:17:1
[  315964ms] ReferenceError: sessionListEl is not defined
    at destroyChat (http://localhost:5173/src/modules/chat/index.ts?t=1779892568515:391:17)
    at renderContent (http://localhost:5173/src/shell/router.ts?t=1779892568515:41:3)
    at initRouter (http://localhost:5173/src/shell/router.ts?t=1779892568515:98:3)
    at http://localhost:5173/src/main.ts?t=1779892568515:17:1
[  321979ms] ReferenceError: sessionListEl is not defined
    at destroyChat (http://localhost:5173/src/modules/chat/index.ts?t=1779892574530:386:17)
    at renderContent (http://localhost:5173/src/shell/router.ts?t=1779892574530:41:3)
    at initRouter (http://localhost:5173/src/shell/router.ts?t=1779892574530:98:3)
    at http://localhost:5173/src/main.ts?t=1779892574530:17:1
[  328641ms] [LOG] [SSE] Connection: connected @ http://localhost:5173/src/modules/chat/index.ts?t=1779892581193:89
[  328759ms] [LOG] [WS] Connected @ http://localhost:5173/src/ws-client.ts:29
[  335150ms] [LOG] [SSE] Connection: connected @ http://localhost:5173/src/modules/chat/index.ts?t=1779892587706:89
[  335287ms] [LOG] [WS] Connected @ http://localhost:5173/src/ws-client.ts:29
[  353526ms] [LOG] [SSE] Connection: connected @ http://localhost:5173/src/modules/chat/index.ts?t=1779892606070:89
[  353666ms] [LOG] [WS] Connected @ http://localhost:5173/src/ws-client.ts:29
[  383824ms] [LOG] [SSE] Connection: connected @ http://localhost:5173/src/modules/chat/index.ts?t=1779892636375:88
[  383951ms] [LOG] [WS] Connected @ http://localhost:5173/src/ws-client.ts:29
[  387646ms] [LOG] [SSE] Connection: connected @ http://localhost:5173/src/modules/chat/index.ts?t=1779892640180:88
[  387834ms] [LOG] [WS] Connected @ http://localhost:5173/src/ws-client.ts:29
[  423556ms] [LOG] [SSE] Connection: connected @ http://localhost:5173/src/modules/chat/index.ts?t=1779892676105:88
[  423688ms] [LOG] [WS] Connected @ http://localhost:5173/src/ws-client.ts:29
[  430373ms] [LOG] [SSE] Connection: connected @ http://localhost:5173/src/modules/chat/index.ts?t=1779892682930:87
[  430505ms] [LOG] [WS] Connected @ http://localhost:5173/src/ws-client.ts:29
[  549712ms] [LOG] [SSE] Connection: connected @ http://localhost:5173/src/modules/chat/index.ts?t=1779892802245:87
[  549845ms] [LOG] [WS] Connected @ http://localhost:5173/src/ws-client.ts:29
[  550738ms] [LOG] [SSE] Connection: connected @ http://localhost:5173/src/modules/chat/index.ts?t=1779892803231:87
[  550986ms] [LOG] [WS] Connected @ http://localhost:5173/src/ws-client.ts:29
[  551467ms] [LOG] [SSE] Connection: connected @ http://localhost:5173/src/modules/chat/index.ts?t=1779892803231:87
[  551599ms] [LOG] [WS] Connected @ http://localhost:5173/src/ws-client.ts:29
[  553995ms] [LOG] [SSE] Connection: connected @ http://localhost:5173/src/modules/chat/index.ts?t=1779892803231:87
[  554129ms] [LOG] [WS] Connected @ http://localhost:5173/src/ws-client.ts:29
[  567969ms] ReferenceError: InfoBar is not defined
    at initPreview (http://localhost:5173/src/modules/preview/index.ts?t=1779892820540:110:3)
    at renderContent (http://localhost:5173/src/shell/router.ts?t=1779892820540:78:3)
    at initRouter (http://localhost:5173/src/shell/router.ts?t=1779892820540:98:3)
    at http://localhost:5173/src/main.ts?t=1779892820540:17:1
[  569273ms] ReferenceError: InfoBar is not defined
    at initPreview (http://localhost:5173/src/modules/preview/index.ts?t=1779892821841:110:3)
    at renderContent (http://localhost:5173/src/shell/router.ts?t=1779892821841:78:3)
    at initRouter (http://localhost:5173/src/shell/router.ts?t=1779892821841:98:3)
    at http://localhost:5173/src/main.ts?t=1779892821841:17:1
[  573463ms] ReferenceError: themeToggle is not defined
    at destroyPreview (http://localhost:5173/src/modules/preview/index.ts?t=1779892826038:183:15)
    at renderContent (http://localhost:5173/src/shell/router.ts?t=1779892826038:43:3)
    at initRouter (http://localhost:5173/src/shell/router.ts?t=1779892826038:98:3)
    at http://localhost:5173/src/main.ts?t=1779892826038:17:1
[  576448ms] ReferenceError: themeToggle is not defined
    at destroyPreview (http://localhost:5173/src/modules/preview/index.ts?t=1779892829016:171:15)
    at renderContent (http://localhost:5173/src/shell/router.ts?t=1779892829016:43:3)
    at initRouter (http://localhost:5173/src/shell/router.ts?t=1779892829016:98:3)
    at http://localhost:5173/src/main.ts?t=1779892829016:17:1
[  583076ms] ReferenceError: themeToggle is not defined
    at destroyPreview (http://localhost:5173/src/modules/preview/index.ts?t=1779892835648:159:15)
    at renderContent (http://localhost:5173/src/shell/router.ts?t=1779892835648:43:3)
    at initRouter (http://localhost:5173/src/shell/router.ts?t=1779892835648:98:3)
    at http://localhost:5173/src/main.ts?t=1779892835648:17:1
[  588806ms] ReferenceError: themeToggle is not defined
    at destroyPreview (http://localhost:5173/src/modules/preview/index.ts?t=1779892841377:145:15)
    at renderContent (http://localhost:5173/src/shell/router.ts?t=1779892841377:43:3)
    at initRouter (http://localhost:5173/src/shell/router.ts?t=1779892841377:98:3)
    at http://localhost:5173/src/main.ts?t=1779892841377:17:1
[  591131ms] ReferenceError: themeToggle is not defined
    at destroyPreview (http://localhost:5173/src/modules/preview/index.ts?t=1779892843702:140:15)
    at renderContent (http://localhost:5173/src/shell/router.ts?t=1779892843702:43:3)
    at initRouter (http://localhost:5173/src/shell/router.ts?t=1779892843702:98:3)
    at http://localhost:5173/src/main.ts?t=1779892843702:17:1
[  594137ms] ReferenceError: themeToggle is not defined
    at destroyPreview (http://localhost:5173/src/modules/preview/index.ts?t=1779892846712:132:15)
    at renderContent (http://localhost:5173/src/shell/router.ts?t=1779892846712:43:3)
    at initRouter (http://localhost:5173/src/shell/router.ts?t=1779892846712:98:3)
    at http://localhost:5173/src/main.ts?t=1779892846712:17:1
[  596867ms] ReferenceError: refreshStatusCallbacks is not defined
    at onRefreshStatusChange (http://localhost:5173/src/modules/preview/index.ts?t=1779892849369:155:3)
    at initChat (http://localhost:5173/src/modules/chat/index.ts?t=1779892849369:366:5)
    at http://localhost:5173/src/shell/router.ts?t=1779892849369:88:32
[  596943ms] [LOG] [WS] Connected @ http://localhost:5173/src/ws-client.ts:29
[  599404ms] ReferenceError: refreshStatusCallbacks is not defined
    at onRefreshStatusChange (http://localhost:5173/src/modules/preview/index.ts?t=1779892851850:154:3)
    at initChat (http://localhost:5173/src/modules/chat/index.ts?t=1779892851850:366:5)
    at http://localhost:5173/src/shell/router.ts?t=1779892851850:88:32
[  599595ms] [LOG] [WS] Connected @ http://localhost:5173/src/ws-client.ts:29
[  607805ms] ReferenceError: refreshStatusCallbacks is not defined
    at onRefreshStatusChange (http://localhost:5173/src/modules/preview/index.ts?t=1779892860275:154:3)
    at initChat (http://localhost:5173/src/modules/chat/index.ts?t=1779892860275:366:5)
    at http://localhost:5173/src/shell/router.ts?t=1779892860275:88:32
[  607893ms] [LOG] [WS] Connected @ http://localhost:5173/src/ws-client.ts:29
[  627841ms] The requested module '/src/modules/preview/index.ts?t=1779892880404' does not provide an export named 'onRefreshStatusChange'
[  653486ms] ReferenceError: onRefreshStatusChange is not defined
    at initChat (http://localhost:5173/src/modules/chat/index.ts?t=1779892905895:364:5)
    at http://localhost:5173/src/shell/router.ts?t=1779892905895:88:32
[  653616ms] [LOG] [WS] Connected @ http://localhost:5173/src/ws-client.ts:29
[  655359ms] ReferenceError: refreshStatusEl is not defined
    at destroyChat (http://localhost:5173/src/modules/chat/index.ts?t=1779892907891:381:19)
    at renderContent (http://localhost:5173/src/shell/router.ts?t=1779892907891:41:3)
    at initRouter (http://localhost:5173/src/shell/router.ts?t=1779892907891:98:3)
    at http://localhost:5173/src/main.ts?t=1779892907891:17:1
[  657212ms] ReferenceError: refreshStatusEl is not defined
    at destroyChat (http://localhost:5173/src/modules/chat/index.ts?t=1779892909789:376:19)
    at renderContent (http://localhost:5173/src/shell/router.ts?t=1779892909789:41:3)
    at initRouter (http://localhost:5173/src/shell/router.ts?t=1779892909789:98:3)
    at http://localhost:5173/src/main.ts?t=1779892909789:17:1
[  659155ms] ReferenceError: refreshStatusEl is not defined
    at destroyChat (http://localhost:5173/src/modules/chat/index.ts?t=1779892911727:375:19)
    at renderContent (http://localhost:5173/src/shell/router.ts?t=1779892911727:41:3)
    at initRouter (http://localhost:5173/src/shell/router.ts?t=1779892911727:98:3)
    at http://localhost:5173/src/main.ts?t=1779892911727:17:1
[  661006ms] [LOG] [SSE] Connection: connected @ http://localhost:5173/src/modules/chat/index.ts?t=1779892913560:85
[  661135ms] [LOG] [WS] Connected @ http://localhost:5173/src/ws-client.ts:29
[  666051ms] [LOG] [SSE] Connection: connected @ http://localhost:5173/src/modules/chat/index.ts?t=1779892918607:85
[  666181ms] [LOG] [WS] Connected @ http://localhost:5173/src/ws-client.ts:29
[  713137ms] [LOG] [SSE] Connection: connected @ http://localhost:5173/src/modules/chat/index.ts?t=1779892918607:85
[  713266ms] [LOG] [WS] Connected @ http://localhost:5173/src/ws-client.ts:29
[  714541ms] [LOG] [SSE] Connection: connected @ http://localhost:5173/src/modules/chat/index.ts?t=1779892918607:85
[  714671ms] [LOG] [WS] Connected @ http://localhost:5173/src/ws-client.ts:29
[  717679ms] ReferenceError: auditDebounceTimer is not defined
    at destroyPreview (http://localhost:5173/src/modules/preview/index.ts?t=1779892970247:123:3)
    at renderContent (http://localhost:5173/src/shell/router.ts?t=1779892970247:43:3)
    at initRouter (http://localhost:5173/src/shell/router.ts?t=1779892970247:98:3)
    at http://localhost:5173/src/main.ts?t=1779892970247:17:1
[  721717ms] ReferenceError: auditDebounceTimer is not defined
    at destroyPreview (http://localhost:5173/src/modules/preview/index.ts?t=1779892974285:109:3)
    at renderContent (http://localhost:5173/src/shell/router.ts?t=1779892974285:43:3)
    at initRouter (http://localhost:5173/src/shell/router.ts?t=1779892974285:98:3)
    at http://localhost:5173/src/main.ts?t=1779892974285:17:1
[  723193ms] ReferenceError: auditDebounceTimer is not defined
    at destroyPreview (http://localhost:5173/src/modules/preview/index.ts?t=1779892975771:108:3)
    at renderContent (http://localhost:5173/src/shell/router.ts?t=1779892975771:43:3)
    at initRouter (http://localhost:5173/src/shell/router.ts?t=1779892975771:98:3)
    at http://localhost:5173/src/main.ts?t=1779892975771:17:1
[  724345ms] ReferenceError: auditDebounceTimer is not defined
    at destroyPreview (http://localhost:5173/src/modules/preview/index.ts?t=1779892976918:107:3)
    at renderContent (http://localhost:5173/src/shell/router.ts?t=1779892976918:43:3)
    at initRouter (http://localhost:5173/src/shell/router.ts?t=1779892976918:98:3)
    at http://localhost:5173/src/main.ts?t=1779892976918:17:1
[  725940ms] ReferenceError: auditDebounceTimer is not defined
    at destroyPreview (http://localhost:5173/src/modules/preview/index.ts?t=1779892978509:107:3)
    at renderContent (http://localhost:5173/src/shell/router.ts?t=1779892978509:43:3)
    at initRouter (http://localhost:5173/src/shell/router.ts?t=1779892978509:98:3)
    at http://localhost:5173/src/main.ts?t=1779892978509:17:1
[  737379ms] [LOG] [SSE] Connection: connected @ http://localhost:5173/src/modules/chat/index.ts?t=1779892918607:85
[  737670ms] [LOG] [WS] Connected @ http://localhost:5173/src/ws-client.ts:29
[  769554ms] [LOG] [SSE] Connection: connected @ http://localhost:5173/src/modules/chat/index.ts?t=1779892918607:85
[  769682ms] [LOG] [WS] Connected @ http://localhost:5173/src/ws-client.ts:29
[  770961ms] [LOG] [SSE] Connection: connected @ http://localhost:5173/src/modules/chat/index.ts?t=1779892918607:85
[  771162ms] [LOG] [WS] Connected @ http://localhost:5173/src/ws-client.ts:29
[  780803ms] [LOG] [SSE] Connection: connected @ http://localhost:5173/src/modules/chat/index.ts?t=1779892918607:85
[  780939ms] [LOG] [WS] Connected @ http://localhost:5173/src/ws-client.ts:29
[  792600ms] [LOG] [SSE] Connection: connected @ http://localhost:5173/src/modules/chat/index.ts?t=1779892918607:85
[  792719ms] [LOG] [WS] Connected @ http://localhost:5173/src/ws-client.ts:29
[  977513ms] [LOG] [SSE] Connection: connected @ http://localhost:5173/src/modules/chat/index.ts?t=1779892918607:85
[  977723ms] [LOG] [WS] Connected @ http://localhost:5173/src/ws-client.ts:29
[  979446ms] [LOG] [SSE] Connection: connected @ http://localhost:5173/src/modules/chat/index.ts?t=1779892918607:85
[  980255ms] [LOG] [WS] Connected @ http://localhost:5173/src/ws-client.ts:29
[  983033ms] [LOG] [SSE] Connection: connected @ http://localhost:5173/src/modules/chat/index.ts?t=1779892918607:85
[  983165ms] [LOG] [WS] Connected @ http://localhost:5173/src/ws-client.ts:29
[  988675ms] [LOG] [SSE] Connection: connected @ http://localhost:5173/src/modules/chat/index.ts?t=1779892918607:85
[  988927ms] [LOG] [WS] Connected @ http://localhost:5173/src/ws-client.ts:29
[ 1000945ms] [LOG] [SSE] Connection: connected @ http://localhost:5173/src/modules/chat/index.ts?t=1779892918607:85
[ 1001286ms] [LOG] [WS] Connected @ http://localhost:5173/src/ws-client.ts:29
[ 1006409ms] [LOG] [SSE] Connection: connected @ http://localhost:5173/src/modules/chat/index.ts?t=1779892918607:85
[ 1006719ms] [LOG] [WS] Connected @ http://localhost:5173/src/ws-client.ts:29
[ 1048717ms] [LOG] [SSE] Connection: connected @ http://localhost:5173/src/modules/chat/index.ts?t=1779892918607:85
[ 1049149ms] [LOG] [WS] Connected @ http://localhost:5173/src/ws-client.ts:29
