[  290821ms] [LOG] [vite] server connection lost. Polling for restart... @ http://localhost:5173/@vite/client:963
[  290824ms] [LOG] [WS] Disconnected, reconnecting... @ http://localhost:5173/src/ws-client.ts:52
[  290825ms] [ERROR] Failed to load resource: net::ERR_INCOMPLETE_CHUNKED_ENCODING @ http://localhost:5173/api/opencode/event:0
[  290828ms] [ERROR] WebSocket connection to 'ws://localhost:5173/' failed: Error during WebSocket handshake: net::ERR_CONNECTION_RESET @ http://localhost:5173/@vite/client:1034
[  291832ms] [ERROR] WebSocket connection to 'ws://localhost:5173/' failed: Error in connection establishment: net::ERR_CONNECTION_REFUSED @ http://localhost:5173/@vite/client:1034
[  292835ms] [ERROR] WebSocket connection to 'ws://localhost:5173/' failed: Error in connection establishment: net::ERR_CONNECTION_REFUSED @ http://localhost:5173/@vite/client:1034
[  293828ms] [ERROR] WebSocket connection to 'ws://localhost:5173/ws' failed: Error in connection establishment: net::ERR_CONNECTION_REFUSED @ http://localhost:5173/src/ws-client.ts:27
[  293829ms] [ERROR] Failed to load resource: net::ERR_CONNECTION_REFUSED @ http://localhost:5173/api/opencode/event:0
[  293829ms] [WARNING] [WS] Error: Event @ http://localhost:5173/src/ws-client.ts:56
[  293829ms] [LOG] [WS] Disconnected, reconnecting... @ http://localhost:5173/src/ws-client.ts:52
[  293840ms] [ERROR] WebSocket connection to 'ws://localhost:5173/' failed: Error in connection establishment: net::ERR_CONNECTION_REFUSED @ http://localhost:5173/@vite/client:1034
[  294846ms] [ERROR] WebSocket connection to 'ws://localhost:5173/' failed: Error in connection establishment: net::ERR_CONNECTION_REFUSED @ http://localhost:5173/@vite/client:1034
[  295854ms] [ERROR] WebSocket connection to 'ws://localhost:5173/' failed: Error in connection establishment: net::ERR_CONNECTION_REFUSED @ http://localhost:5173/@vite/client:1034
[  296853ms] [ERROR] WebSocket connection to 'ws://localhost:5173/ws' failed: Error in connection establishment: net::ERR_CONNECTION_REFUSED @ http://localhost:5173/src/ws-client.ts:27
[  296853ms] [WARNING] [WS] Error: Event @ http://localhost:5173/src/ws-client.ts:56
[  296853ms] [LOG] [WS] Disconnected, reconnecting... @ http://localhost:5173/src/ws-client.ts:52
[  296878ms] [ERROR] WebSocket connection to 'ws://localhost:5173/' failed: Error in connection establishment: net::ERR_CONNECTION_REFUSED @ http://localhost:5173/@vite/client:1034
[  297956ms] [ERROR] WebSocket connection to 'ws://localhost:5173/' failed: Error in connection establishment: net::ERR_CONNECTION_REFUSED @ http://localhost:5173/@vite/client:1034
[  299063ms] [ERROR] WebSocket connection to 'ws://localhost:5173/' failed: Error in connection establishment: net::ERR_CONNECTION_REFUSED @ http://localhost:5173/@vite/client:1034
[  299833ms] [ERROR] Failed to load resource: net::ERR_CONNECTION_REFUSED @ http://localhost:5173/api/opencode/event:0
[  300017ms] [ERROR] WebSocket connection to 'ws://localhost:5173/ws' failed: Error in connection establishment: net::ERR_CONNECTION_REFUSED @ http://localhost:5173/src/ws-client.ts:27
[  300017ms] [WARNING] [WS] Error: Event @ http://localhost:5173/src/ws-client.ts:56
[  300018ms] [LOG] [WS] Disconnected, reconnecting... @ http://localhost:5173/src/ws-client.ts:52
[  300286ms] [ERROR] WebSocket connection to 'ws://localhost:5173/' failed: Error in connection establishment: net::ERR_CONNECTION_REFUSED @ http://localhost:5173/@vite/client:1034
[  302370ms] [ERROR] WebSocket connection to 'ws://localhost:5173/' failed: Error in connection establishment: net::ERR_CONNECTION_REFUSED @ http://localhost:5173/@vite/client:1034
[  304652ms] [ERROR] WebSocket connection to 'ws://localhost:5173/ws' failed: Error in connection establishment: net::ERR_CONNECTION_REFUSED @ http://localhost:5173/src/ws-client.ts:27
[  304652ms] [WARNING] [WS] Error: Event @ http://localhost:5173/src/ws-client.ts:56
[  304652ms] [LOG] [WS] Disconnected, reconnecting... @ http://localhost:5173/src/ws-client.ts:52
[  304695ms] [ERROR] WebSocket connection to 'ws://localhost:5173/' failed: Error in connection establishment: net::ERR_CONNECTION_REFUSED @ http://localhost:5173/@vite/client:1034
[  310418ms] [LOG] [SSE] Connection: connected @ http://localhost:5173/src/modules/chat/index.ts:85
[  310557ms] [LOG] [WS] Connected @ http://localhost:5173/src/ws-client.ts:29
[  327206ms] [LOG] [WS] Disconnected, reconnecting... @ http://localhost:5173/src/ws-client.ts:52
[  327207ms] [LOG] [vite] server connection lost. Polling for restart... @ http://localhost:5173/@vite/client:963
[  327209ms] [ERROR] Failed to load resource: net::ERR_INCOMPLETE_CHUNKED_ENCODING @ http://localhost:5173/api/opencode/event:0
[  327212ms] [ERROR] WebSocket connection to 'ws://localhost:5173/' failed: Error in connection establishment: net::ERR_CONNECTION_REFUSED @ http://localhost:5173/@vite/client:1034
[  328215ms] [ERROR] WebSocket connection to 'ws://localhost:5173/' failed: Error in connection establishment: net::ERR_CONNECTION_REFUSED @ http://localhost:5173/@vite/client:1034
[  329221ms] [ERROR] WebSocket connection to 'ws://localhost:5173/' failed: Error in connection establishment: net::ERR_CONNECTION_REFUSED @ http://localhost:5173/@vite/client:1034
[  330211ms] [ERROR] Failed to load resource: net::ERR_CONNECTION_REFUSED @ http://localhost:5173/api/opencode/event:0
[  330213ms] [ERROR] WebSocket connection to 'ws://localhost:5173/ws' failed: Error in connection establishment: net::ERR_CONNECTION_REFUSED @ http://localhost:5173/src/ws-client.ts:27
[  330213ms] [WARNING] [WS] Error: Event @ http://localhost:5173/src/ws-client.ts:56
[  330213ms] [LOG] [WS] Disconnected, reconnecting... @ http://localhost:5173/src/ws-client.ts:52
[  330228ms] [ERROR] WebSocket connection to 'ws://localhost:5173/' failed: Error in connection establishment: net::ERR_CONNECTION_REFUSED @ http://localhost:5173/@vite/client:1034
[  331235ms] [ERROR] WebSocket connection to 'ws://localhost:5173/' failed: Error in connection establishment: net::ERR_CONNECTION_REFUSED @ http://localhost:5173/@vite/client:1034
[  332494ms] [LOG] [SSE] Connection: connected @ http://localhost:5173/src/modules/chat/index.ts:85
[  332656ms] [LOG] [WS] Connected @ http://localhost:5173/src/ws-client.ts:29
[  366257ms] [LOG] [vite] server connection lost. Polling for restart... @ http://localhost:5173/@vite/client:963
[  366258ms] [LOG] [WS] Disconnected, reconnecting... @ http://localhost:5173/src/ws-client.ts:52
[  366259ms] [ERROR] Failed to load resource: net::ERR_INCOMPLETE_CHUNKED_ENCODING @ http://localhost:5173/api/opencode/event:0
[  366263ms] [ERROR] WebSocket connection to 'ws://localhost:5173/' failed: Error in connection establishment: net::ERR_CONNECTION_REFUSED @ http://localhost:5173/@vite/client:1034
[  367266ms] [ERROR] WebSocket connection to 'ws://localhost:5173/' failed: Error in connection establishment: net::ERR_CONNECTION_REFUSED @ http://localhost:5173/@vite/client:1034
[  368269ms] [ERROR] WebSocket connection to 'ws://localhost:5173/' failed: Error in connection establishment: net::ERR_CONNECTION_REFUSED @ http://localhost:5173/@vite/client:1034
[  369261ms] [ERROR] WebSocket connection to 'ws://localhost:5173/ws' failed: Error in connection establishment: net::ERR_CONNECTION_REFUSED @ http://localhost:5173/src/ws-client.ts:27
[  369262ms] [WARNING] [WS] Error: Event @ http://localhost:5173/src/ws-client.ts:56
[  369262ms] [LOG] [WS] Disconnected, reconnecting... @ http://localhost:5173/src/ws-client.ts:52
[  369263ms] [ERROR] Failed to load resource: net::ERR_CONNECTION_REFUSED @ http://localhost:5173/api/opencode/event:0
[  369274ms] [ERROR] WebSocket connection to 'ws://localhost:5173/' failed: Error in connection establishment: net::ERR_CONNECTION_REFUSED @ http://localhost:5173/@vite/client:1034
[  370278ms] [ERROR] WebSocket connection to 'ws://localhost:5173/' failed: Error in connection establishment: net::ERR_CONNECTION_REFUSED @ http://localhost:5173/@vite/client:1034
[  371283ms] [ERROR] WebSocket connection to 'ws://localhost:5173/' failed: Error in connection establishment: net::ERR_CONNECTION_REFUSED @ http://localhost:5173/@vite/client:1034
[  372266ms] [ERROR] WebSocket connection to 'ws://localhost:5173/ws' failed: Error in connection establishment: net::ERR_CONNECTION_REFUSED @ http://localhost:5173/src/ws-client.ts:27
[  372266ms] [WARNING] [WS] Error: Event @ http://localhost:5173/src/ws-client.ts:56
[  372266ms] [LOG] [WS] Disconnected, reconnecting... @ http://localhost:5173/src/ws-client.ts:52
[  372287ms] [ERROR] WebSocket connection to 'ws://localhost:5173/' failed: Error in connection establishment: net::ERR_CONNECTION_REFUSED @ http://localhost:5173/@vite/client:1034
[  373292ms] [ERROR] WebSocket connection to 'ws://localhost:5173/' failed: Error in connection establishment: net::ERR_CONNECTION_REFUSED @ http://localhost:5173/@vite/client:1034
[  374295ms] [ERROR] WebSocket connection to 'ws://localhost:5173/' failed: Error in connection establishment: net::ERR_CONNECTION_REFUSED @ http://localhost:5173/@vite/client:1034
[  375268ms] [ERROR] Failed to load resource: net::ERR_CONNECTION_REFUSED @ http://localhost:5173/api/opencode/event:0
[  375268ms] [ERROR] WebSocket connection to 'ws://localhost:5173/ws' failed: Error in connection establishment: net::ERR_CONNECTION_REFUSED @ http://localhost:5173/src/ws-client.ts:27
[  375268ms] [WARNING] [WS] Error: Event @ http://localhost:5173/src/ws-client.ts:56
[  375268ms] [LOG] [WS] Disconnected, reconnecting... @ http://localhost:5173/src/ws-client.ts:52
[  375301ms] [ERROR] WebSocket connection to 'ws://localhost:5173/' failed: Error in connection establishment: net::ERR_CONNECTION_REFUSED @ http://localhost:5173/@vite/client:1034
[  376307ms] [ERROR] WebSocket connection to 'ws://localhost:5173/' failed: Error in connection establishment: net::ERR_CONNECTION_REFUSED @ http://localhost:5173/@vite/client:1034
[  377312ms] [ERROR] WebSocket connection to 'ws://localhost:5173/' failed: Error in connection establishment: net::ERR_CONNECTION_REFUSED @ http://localhost:5173/@vite/client:1034
[  377487ms] [ERROR] Failed to load resource: net::ERR_CONNECTION_REFUSED @ http://localhost:4096/api/session:0
[  378273ms] [ERROR] WebSocket connection to 'ws://localhost:5173/ws' failed: Error in connection establishment: net::ERR_CONNECTION_REFUSED @ http://localhost:5173/src/ws-client.ts:27
[  378273ms] [WARNING] [WS] Error: Event @ http://localhost:5173/src/ws-client.ts:56
[  378273ms] [LOG] [WS] Disconnected, reconnecting... @ http://localhost:5173/src/ws-client.ts:52
[  378320ms] [ERROR] WebSocket connection to 'ws://localhost:5173/' failed: Error in connection establishment: net::ERR_CONNECTION_REFUSED @ http://localhost:5173/@vite/client:1034
[  379327ms] [ERROR] WebSocket connection to 'ws://localhost:5173/' failed: Error in connection establishment: net::ERR_CONNECTION_REFUSED @ http://localhost:5173/@vite/client:1034
[  380332ms] [ERROR] WebSocket connection to 'ws://localhost:5173/' failed: Error in connection establishment: net::ERR_CONNECTION_REFUSED @ http://localhost:5173/@vite/client:1034
[  381286ms] [ERROR] WebSocket connection to 'ws://localhost:5173/ws' failed: Error in connection establishment: net::ERR_CONNECTION_REFUSED @ http://localhost:5173/src/ws-client.ts:27
[  381286ms] [WARNING] [WS] Error: Event @ http://localhost:5173/src/ws-client.ts:56
[  381287ms] [LOG] [WS] Disconnected, reconnecting... @ http://localhost:5173/src/ws-client.ts:52
[  381337ms] [ERROR] WebSocket connection to 'ws://localhost:5173/' failed: Error in connection establishment: net::ERR_CONNECTION_REFUSED @ http://localhost:5173/@vite/client:1034
[  382344ms] [ERROR] WebSocket connection to 'ws://localhost:5173/' failed: Error in connection establishment: net::ERR_CONNECTION_REFUSED @ http://localhost:5173/@vite/client:1034
[  382487ms] [ERROR] Failed to load resource: net::ERR_CONNECTION_REFUSED @ http://localhost:4096/api/session:0
[  383356ms] [ERROR] WebSocket connection to 'ws://localhost:5173/' failed: Error in connection establishment: net::ERR_CONNECTION_REFUSED @ http://localhost:5173/@vite/client:1034
[  384294ms] [ERROR] WebSocket connection to 'ws://localhost:5173/ws' failed: Error in connection establishment: net::ERR_CONNECTION_REFUSED @ http://localhost:5173/src/ws-client.ts:27
[  384295ms] [WARNING] [WS] Error: Event @ http://localhost:5173/src/ws-client.ts:56
[  384295ms] [LOG] [WS] Disconnected, reconnecting... @ http://localhost:5173/src/ws-client.ts:52
[  384369ms] [ERROR] WebSocket connection to 'ws://localhost:5173/' failed: Error in connection establishment: net::ERR_CONNECTION_REFUSED @ http://localhost:5173/@vite/client:1034
[  385381ms] [ERROR] WebSocket connection to 'ws://localhost:5173/' failed: Error in connection establishment: net::ERR_CONNECTION_REFUSED @ http://localhost:5173/@vite/client:1034
[  386396ms] [ERROR] WebSocket connection to 'ws://localhost:5173/' failed: Error in connection establishment: net::ERR_CONNECTION_REFUSED @ http://localhost:5173/@vite/client:1034
[  387271ms] [ERROR] Failed to load resource: net::ERR_CONNECTION_REFUSED @ http://localhost:5173/api/opencode/event:0
[  387311ms] [ERROR] WebSocket connection to 'ws://localhost:5173/ws' failed: Error in connection establishment: net::ERR_CONNECTION_REFUSED @ http://localhost:5173/src/ws-client.ts:27
[  387311ms] [WARNING] [WS] Error: Event @ http://localhost:5173/src/ws-client.ts:56
[  387312ms] [LOG] [WS] Disconnected, reconnecting... @ http://localhost:5173/src/ws-client.ts:52
[  387414ms] [ERROR] WebSocket connection to 'ws://localhost:5173/' failed: Error in connection establishment: net::ERR_CONNECTION_REFUSED @ http://localhost:5173/@vite/client:1034
[  387487ms] [ERROR] Failed to load resource: net::ERR_CONNECTION_REFUSED @ http://localhost:4096/api/session:0
[  388439ms] [ERROR] WebSocket connection to 'ws://localhost:5173/' failed: Error in connection establishment: net::ERR_CONNECTION_REFUSED @ http://localhost:5173/@vite/client:1034
[  389452ms] [ERROR] WebSocket connection to 'ws://localhost:5173/' failed: Error in connection establishment: net::ERR_CONNECTION_REFUSED @ http://localhost:5173/@vite/client:1034
[  390325ms] [ERROR] WebSocket connection to 'ws://localhost:5173/ws' failed: Error in connection establishment: net::ERR_CONNECTION_REFUSED @ http://localhost:5173/src/ws-client.ts:27
[  390325ms] [WARNING] [WS] Error: Event @ http://localhost:5173/src/ws-client.ts:56
[  390326ms] [LOG] [WS] Disconnected, reconnecting... @ http://localhost:5173/src/ws-client.ts:52
[  390475ms] [ERROR] WebSocket connection to 'ws://localhost:5173/' failed: Error in connection establishment: net::ERR_CONNECTION_REFUSED @ http://localhost:5173/@vite/client:1034
[  391487ms] [ERROR] WebSocket connection to 'ws://localhost:5173/' failed: Error in connection establishment: net::ERR_CONNECTION_REFUSED @ http://localhost:5173/@vite/client:1034
[  392487ms] [ERROR] Failed to load resource: net::ERR_CONNECTION_REFUSED @ http://localhost:4096/api/session:0
[  392500ms] [ERROR] WebSocket connection to 'ws://localhost:5173/' failed: Error in connection establishment: net::ERR_CONNECTION_REFUSED @ http://localhost:5173/@vite/client:1034
[  393367ms] [ERROR] WebSocket connection to 'ws://localhost:5173/ws' failed: Error in connection establishment: net::ERR_CONNECTION_REFUSED @ http://localhost:5173/src/ws-client.ts:27
[  393367ms] [WARNING] [WS] Error: Event @ http://localhost:5173/src/ws-client.ts:56
[  393367ms] [LOG] [WS] Disconnected, reconnecting... @ http://localhost:5173/src/ws-client.ts:52
[  393520ms] [ERROR] WebSocket connection to 'ws://localhost:5173/' failed: Error in connection establishment: net::ERR_CONNECTION_REFUSED @ http://localhost:5173/@vite/client:1034
[  394545ms] [ERROR] WebSocket connection to 'ws://localhost:5173/' failed: Error in connection establishment: net::ERR_CONNECTION_REFUSED @ http://localhost:5173/@vite/client:1034
[  395570ms] [ERROR] WebSocket connection to 'ws://localhost:5173/' failed: Error in connection establishment: net::ERR_CONNECTION_REFUSED @ http://localhost:5173/@vite/client:1034
[  396411ms] [ERROR] WebSocket connection to 'ws://localhost:5173/ws' failed: Error in connection establishment: net::ERR_CONNECTION_REFUSED @ http://localhost:5173/src/ws-client.ts:27
[  396412ms] [WARNING] [WS] Error: Event @ http://localhost:5173/src/ws-client.ts:56
[  396412ms] [LOG] [WS] Disconnected, reconnecting... @ http://localhost:5173/src/ws-client.ts:52
[  396638ms] [ERROR] WebSocket connection to 'ws://localhost:5173/' failed: Error in connection establishment: net::ERR_CONNECTION_REFUSED @ http://localhost:5173/@vite/client:1034
[  397485ms] [ERROR] Failed to load resource: net::ERR_CONNECTION_REFUSED @ http://localhost:4096/api/session:0
[  397687ms] [ERROR] WebSocket connection to 'ws://localhost:5173/' failed: Error in connection establishment: net::ERR_CONNECTION_REFUSED @ http://localhost:5173/@vite/client:1034
[  398732ms] [ERROR] WebSocket connection to 'ws://localhost:5173/' failed: Error in connection establishment: net::ERR_CONNECTION_REFUSED @ http://localhost:5173/@vite/client:1034
[  399488ms] [ERROR] WebSocket connection to 'ws://localhost:5173/ws' failed: Error in connection establishment: net::ERR_CONNECTION_REFUSED @ http://localhost:5173/src/ws-client.ts:27
[  399488ms] [WARNING] [WS] Error: Event @ http://localhost:5173/src/ws-client.ts:56
[  399488ms] [LOG] [WS] Disconnected, reconnecting... @ http://localhost:5173/src/ws-client.ts:52
[  399798ms] [ERROR] WebSocket connection to 'ws://localhost:5173/' failed: Error in connection establishment: net::ERR_CONNECTION_REFUSED @ http://localhost:5173/@vite/client:1034
[  401077ms] [LOG] [SSE] Connection: connected @ http://localhost:5173/src/modules/chat/index.ts:85
[  401359ms] [LOG] [WS] Connected @ http://localhost:5173/src/ws-client.ts:29
