[   66819ms] [LOG] [vite] server connection lost. Polling for restart... @ http://localhost:5173/@vite/client:963
[   66819ms] [LOG] [WS] Disconnected, reconnecting... @ http://localhost:5173/src/ws-client.ts:52
[   66820ms] [ERROR] WebSocket connection to 'ws://localhost:5173/' failed: Error in connection establishment: net::ERR_CONNECTION_REFUSED @ http://localhost:5173/@vite/client:1034
[   67912ms] [LOG] [SSE] Connection: connected @ http://localhost:5173/src/modules/chat/index.ts:59
[   67915ms] [ERROR] Failed to load resource: the server responded with a status of 404 (Not Found) @ http://localhost:5173/api/annotations?slug=fixture-no-animation:0
[   67915ms] [ERROR] Failed to load sessions: TypeError: sessions.map is not a function
    at loadSessions (http://localhost:5173/src/modules/chat/index.ts:250:31) @ http://localhost:5173/src/modules/chat/index.ts:257
[   67943ms] [LOG] [WS] Connected @ http://localhost:5173/src/ws-client.ts:29
[   73215ms] [ERROR] WebSocket connection to 'ws://localhost:5173/ws' failed:  @ http://localhost:5173/src/ws-client.ts:27
[   73215ms] [ERROR] WebSocket connection to 'ws://localhost:5173/?token=23L-0XWGEEpB' failed:  @ http://localhost:5173/@vite/client:801
[   73215ms] [WARNING] [WS] Error: Event @ http://localhost:5173/src/ws-client.ts:56
[   73215ms] [LOG] [WS] Disconnected, reconnecting... @ http://localhost:5173/src/ws-client.ts:52
[   73215ms] [LOG] [vite] server connection lost. Polling for restart... @ http://localhost:5173/@vite/client:963
[   73254ms] [ERROR] WebSocket connection to 'ws://localhost:5173/' failed: Error in connection establishment: net::ERR_CONNECTION_REFUSED @ http://localhost:5173/@vite/client:1034
[   74256ms] [ERROR] WebSocket connection to 'ws://localhost:5173/' failed: Error in connection establishment: net::ERR_CONNECTION_REFUSED @ http://localhost:5173/@vite/client:1034
[   75383ms] [LOG] [SSE] Connection: connected @ http://localhost:5173/src/modules/chat/index.ts:59
[   75386ms] [ERROR] Failed to load resource: the server responded with a status of 404 (Not Found) @ http://localhost:5173/api/annotations?slug=fixture-no-animation:0
[   75389ms] [ERROR] Failed to load sessions: TypeError: sessions.map is not a function
    at loadSessions (http://localhost:5173/src/modules/chat/index.ts:250:31) @ http://localhost:5173/src/modules/chat/index.ts:257
[   75413ms] [LOG] [WS] Connected @ http://localhost:5173/src/ws-client.ts:29
